// Jest Snapshot v1, https://goo.gl/fbAQLP

exports[`renders correctly when there are no items 1`] = `
<div
  className="CalculatorPage"
>
  <h2
    className="CalculatorPage__title"
  >
    Let's do some math!
  </h2>
  <div
    className="CalculatorPage__calculator"
  >
    <table
      className="calculator"
    >
      <tbody>
        <tr>
          <td
            className="calculator__result"
            colSpan="4"
            data-testid="display"
          >
            0
             
             
          </td>
        </tr>
        <tr>
          <td
            className="calculator__button__grey"
          >
            <button
              onClick={[Function]}
              type="button"
            >
              AC
            </button>
          </td>
          <td
            className="calculator__button__grey"
          >
            <button
              onClick={[Function]}
              type="button"
            >
              +/-
            </button>
          </td>
          <td
            className="calculator__button__grey"
          >
            <button
              onClick={[Function]}
              type="button"
            >
              %
            </button>
          </td>
          <td
            className="calculator__button__orange"
          >
            <button
              onClick={[Function]}
              type="button"
            >
              รท
            </button>
          </td>
        </tr>
        <tr>
          <td
            className="calculator__button__grey"
          >
            <button
              onClick={[Function]}
              type="button"
            >
              7
            </button>
          </td>
          <td
            className="calculator__button__grey"
          >
            <button
              onClick={[Function]}
              type="button"
            >
              8
            </button>
          </td>
          <td
            className="calculator__button__grey"
          >
            <button
              onClick={[Function]}
              type="button"
            >
              9
            </button>
          </td>
          <td
            className="calculator__button__orange"
          >
            <button
              onClick={[Function]}
              type="button"
            >
              x
            </button>
          </td>
        </tr>
        <tr>
          <td
            className="calculator__button__grey"
          >
            <button
              onClick={[Function]}
              type="button"
            >
              4
            </button>
          </td>
          <td
            className="calculator__button__grey"
          >
            <button
              onClick={[Function]}
              type="button"
            >
              5
            </button>
          </td>
          <td
            className="calculator__button__grey"
          >
            <button
              onClick={[Function]}
              type="button"
            >
              6
            </button>
          </td>
          <td
            className="calculator__button__orange"
          >
            <button
              onClick={[Function]}
              type="button"
            >
              -
            </button>
          </td>
        </tr>
        <tr>
          <td
            className="calculator__button__grey"
          >
            <button
              onClick={[Function]}
              type="button"
            >
              1
            </button>
          </td>
          <td
            className="calculator__button__grey"
          >
            <button
              onClick={[Function]}
              type="button"
            >
              2
            </button>
          </td>
          <td
            className="calculator__button__grey"
          >
            <button
              onClick={[Function]}
              type="button"
            >
              3
            </button>
          </td>
          <td
            className="calculator__button__orange"
          >
            <button
              onClick={[Function]}
              type="button"
            >
              +
            </button>
          </td>
        </tr>
        <tr>
          <td
            className="calculator__button__grey"
            colSpan="2"
          >
            <button
              onClick={[Function]}
              type="button"
            >
              0
            </button>
          </td>
          <td
            className="calculator__button__grey"
          >
            <button
              onClick={[Function]}
              type="button"
            >
              .
            </button>
          </td>
          <td
            className="calculator__button__orange"
          >
            <button
              onClick={[Function]}
              type="button"
            >
              =
            </button>
          </td>
        </tr>
      </tbody>
    </table>
  </div>
</div>
`;
