// Jest Snapshot v1, https://goo.gl/fbAQLP

exports[`renders correctly when there are no items 1`] = `
<div>
  <h3>
    No match for this page
  </h3>
</div>
`;
